2026-02-27T10:03:30.004+08:00  INFO 29820 --- [SpringBoot_Learn] [main] com.ppy.SpringBootLearnApplication       : Starting SpringBootLearnApplication using Java 21.0.9 with PID 29820 (/Users/Zhuanz/dev/java_projects/SpringBoot_Learn/target/classes started by Zhuanz in /Users/Zhuanz/dev/java_projects/SpringBoot_Learn)
2026-02-27T10:03:30.005+08:00 DEBUG 29820 --- [SpringBoot_Learn] [main] com.ppy.SpringBootLearnApplication       : Running with Spring Boot v3.5.11, Spring v6.2.16
2026-02-27T10:03:30.006+08:00  INFO 29820 --- [SpringBoot_Learn] [main] com.ppy.SpringBootLearnApplication       : No active profile set, falling back to 1 default profile: "default"
2026-02-27T10:03:30.227+08:00  INFO 29820 --- [SpringBoot_Learn] [main] .s.d.r.c.RepositoryConfigurationDelegate : Bootstrapping Spring Data JPA repositories in DEFAULT mode.
2026-02-27T10:03:30.235+08:00  INFO 29820 --- [SpringBoot_Learn] [main] .s.d.r.c.RepositoryConfigurationDelegate : Finished Spring Data repository scanning in 5 ms. Found 0 JPA repository interfaces.
2026-02-27T10:03:30.360+08:00  INFO 29820 --- [SpringBoot_Learn] [main] o.s.b.w.embedded.tomcat.TomcatWebServer  : Tomcat initialized with port 8080 (http)
2026-02-27T10:03:30.365+08:00  INFO 29820 --- [SpringBoot_Learn] [main] o.apache.catalina.core.StandardService   : Starting service [Tomcat]
2026-02-27T10:03:30.365+08:00  INFO 29820 --- [SpringBoot_Learn] [main] o.apache.catalina.core.StandardEngine    : Starting Servlet engine: [Apache Tomcat/10.1.52]
2026-02-27T10:03:30.377+08:00  INFO 29820 --- [SpringBoot_Learn] [main] o.a.c.c.C.[Tomcat].[localhost].[/]       : Initializing Spring embedded WebApplicationContext
2026-02-27T10:03:30.378+08:00  INFO 29820 --- [SpringBoot_Learn] [main] w.s.c.ServletWebServerApplicationContext : Root WebApplicationContext: initialization completed in 359 ms
2026-02-27T10:03:30.416+08:00  INFO 29820 --- [SpringBoot_Learn] [main] com.zaxxer.hikari.HikariDataSource       : HikariPool-1 - Starting...
2026-02-27T10:03:30.561+08:00  INFO 29820 --- [SpringBoot_Learn] [main] com.zaxxer.hikari.pool.HikariPool        : HikariPool-1 - Added connection com.mysql.cj.jdbc.ConnectionImpl@11810917
2026-02-27T10:03:30.561+08:00  INFO 29820 --- [SpringBoot_Learn] [main] com.zaxxer.hikari.HikariDataSource       : HikariPool-1 - Start completed.
2026-02-27T10:03:30.574+08:00  INFO 29820 --- [SpringBoot_Learn] [main] o.hibernate.jpa.internal.util.LogHelper  : HHH000204: Processing PersistenceUnitInfo [name: default]
2026-02-27T10:03:30.592+08:00  INFO 29820 --- [SpringBoot_Learn] [main] org.hibernate.Version                    : HHH000412: Hibernate ORM core version 6.6.42.Final
2026-02-27T10:03:30.602+08:00  INFO 29820 --- [SpringBoot_Learn] [main] o.h.c.internal.RegionFactoryInitiator    : HHH000026: Second-level cache disabled
2026-02-27T10:03:30.686+08:00  INFO 29820 --- [SpringBoot_Learn] [main] o.s.o.j.p.SpringPersistenceUnitInfo      : No LoadTimeWeaver setup: ignoring JPA class transformer
2026-02-27T10:03:30.720+08:00  INFO 29820 --- [SpringBoot_Learn] [main] org.hibernate.orm.connections.pooling    : HHH10001005: Database info:
	Database JDBC URL [Connecting through datasource 'HikariDataSource (HikariPool-1)']
	Database driver: undefined/unknown
	Database version: 8.0.45
	Autocommit mode: undefined/unknown
	Isolation level: undefined/unknown
	Minimum pool size: undefined/unknown
	Maximum pool size: undefined/unknown
2026-02-27T10:03:30.827+08:00  INFO 29820 --- [SpringBoot_Learn] [main] o.h.e.t.j.p.i.JtaPlatformInitiator       : HHH000489: No JTA platform available (set 'hibernate.transaction.jta.platform' to enable JTA platform integration)
2026-02-27T10:03:30.829+08:00  INFO 29820 --- [SpringBoot_Learn] [main] j.LocalContainerEntityManagerFactoryBean : Initialized JPA EntityManagerFactory for persistence unit 'default'
2026-02-27T10:03:30.882+08:00  WARN 29820 --- [SpringBoot_Learn] [main] c.b.m.core.metadata.TableInfoHelper      : This "id" is the table primary key by default name for `id` in Class: "com.ppy.entity.Student",So @TableField will not work!
2026-02-27T10:03:30.988+08:00  WARN 29820 --- [SpringBoot_Learn] [main] JpaBaseConfiguration$JpaWebConfiguration : spring.jpa.open-in-view is enabled by default. Therefore, database queries may be performed during view rendering. Explicitly configure spring.jpa.open-in-view to disable this warning
2026-02-27T10:03:31.065+08:00  INFO 29820 --- [SpringBoot_Learn] [main] m.e.s.MybatisPlusApplicationContextAware : Register ApplicationContext instances org.springframework.boot.web.servlet.context.AnnotationConfigServletWebServerApplicationContext@5778826f
2026-02-27T10:03:31.126+08:00  INFO 29820 --- [SpringBoot_Learn] [main] o.s.b.w.embedded.tomcat.TomcatWebServer  : Tomcat started on port 8080 (http) with context path '/'
2026-02-27T10:03:31.129+08:00  INFO 29820 --- [SpringBoot_Learn] [main] com.ppy.SpringBootLearnApplication       : Started SpringBootLearnApplication in 1.286 seconds (process running for 1.582)
2026-02-27T10:07:44.461+08:00  INFO 29820 --- [SpringBoot_Learn] [http-nio-8080-exec-2] o.a.c.c.C.[Tomcat].[localhost].[/]       : Initializing Spring DispatcherServlet 'dispatcherServlet'
2026-02-27T10:07:44.461+08:00  INFO 29820 --- [SpringBoot_Learn] [http-nio-8080-exec-2] o.s.web.servlet.DispatcherServlet        : Initializing Servlet 'dispatcherServlet'
2026-02-27T10:07:44.462+08:00  INFO 29820 --- [SpringBoot_Learn] [http-nio-8080-exec-2] o.s.web.servlet.DispatcherServlet        : Completed initialization in 1 ms
2026-02-27T10:07:44.472+08:00  WARN 29820 --- [SpringBoot_Learn] [http-nio-8080-exec-2] .w.s.m.s.DefaultHandlerExceptionResolver : Resolved [org.springframework.web.HttpRequestMethodNotSupportedException: Request method 'GET' is not supported]
2026-02-27T10:08:12.899+08:00  WARN 29820 --- [SpringBoot_Learn] [http-nio-8080-exec-3] .w.s.m.s.DefaultHandlerExceptionResolver : Resolved [org.springframework.http.converter.HttpMessageNotReadableException: Required request body is missing: public com.ppy.entity.Result<java.lang.String> com.ppy.config.StudentController.addStudent(com.ppy.entity.Student)]
2026-02-27T10:13:17.700+08:00  WARN 29820 --- [SpringBoot_Learn] [http-nio-8080-exec-4] .w.s.m.s.DefaultHandlerExceptionResolver : Resolved [org.springframework.web.HttpMediaTypeNotSupportedException: Content-Type 'application/x-www-form-urlencoded;charset=UTF-8' is not supported]
2026-02-27T10:14:08.968+08:00  WARN 29820 --- [SpringBoot_Learn] [http-nio-8080-exec-6] .w.s.m.s.DefaultHandlerExceptionResolver : Resolved [org.springframework.web.HttpMediaTypeNotSupportedException: Content-Type 'application/x-www-form-urlencoded;charset=UTF-8' is not supported]
2026-02-27T10:14:42.722+08:00  INFO 29820 --- [SpringBoot_Learn] [SpringApplicationShutdownHook] o.s.b.w.e.tomcat.GracefulShutdown        : Commencing graceful shutdown. Waiting for active requests to complete
2026-02-27T10:14:42.724+08:00  INFO 29820 --- [SpringBoot_Learn] [tomcat-shutdown] o.s.b.w.e.tomcat.GracefulShutdown        : Graceful shutdown complete
2026-02-27T10:14:42.726+08:00  INFO 29820 --- [SpringBoot_Learn] [SpringApplicationShutdownHook] j.LocalContainerEntityManagerFactoryBean : Closing JPA EntityManagerFactory for persistence unit 'default'
2026-02-27T10:14:42.728+08:00  INFO 29820 --- [SpringBoot_Learn] [SpringApplicationShutdownHook] com.zaxxer.hikari.HikariDataSource       : HikariPool-1 - Shutdown initiated...
2026-02-27T10:14:42.729+08:00  INFO 29820 --- [SpringBoot_Learn] [SpringApplicationShutdownHook] com.zaxxer.hikari.HikariDataSource       : HikariPool-1 - Shutdown completed.
2026-02-27T10:16:47.208+08:00  INFO 29999 --- [SpringBoot_Learn] [main] com.ppy.SpringBootLearnApplication       : Starting SpringBootLearnApplication using Java 21.0.9 with PID 29999 (/Users/Zhuanz/dev/java_projects/SpringBoot_Learn/target/classes started by Zhuanz in /Users/Zhuanz/dev/java_projects/SpringBoot_Learn)
2026-02-27T10:16:47.208+08:00 DEBUG 29999 --- [SpringBoot_Learn] [main] com.ppy.SpringBootLearnApplication       : Running with Spring Boot v3.5.11, Spring v6.2.16
2026-02-27T10:16:47.209+08:00  INFO 29999 --- [SpringBoot_Learn] [main] com.ppy.SpringBootLearnApplication       : No active profile set, falling back to 1 default profile: "default"
2026-02-27T10:16:47.422+08:00  INFO 29999 --- [SpringBoot_Learn] [main] .s.d.r.c.RepositoryConfigurationDelegate : Bootstrapping Spring Data JPA repositories in DEFAULT mode.
2026-02-27T10:16:47.431+08:00  INFO 29999 --- [SpringBoot_Learn] [main] .s.d.r.c.RepositoryConfigurationDelegate : Finished Spring Data repository scanning in 5 ms. Found 0 JPA repository interfaces.
2026-02-27T10:16:47.556+08:00  INFO 29999 --- [SpringBoot_Learn] [main] o.s.b.w.embedded.tomcat.TomcatWebServer  : Tomcat initialized with port 8080 (http)
2026-02-27T10:16:47.560+08:00  INFO 29999 --- [SpringBoot_Learn] [main] o.apache.catalina.core.StandardService   : Starting service [Tomcat]
2026-02-27T10:16:47.560+08:00  INFO 29999 --- [SpringBoot_Learn] [main] o.apache.catalina.core.StandardEngine    : Starting Servlet engine: [Apache Tomcat/10.1.52]
2026-02-27T10:16:47.572+08:00  INFO 29999 --- [SpringBoot_Learn] [main] o.a.c.c.C.[Tomcat].[localhost].[/]       : Initializing Spring embedded WebApplicationContext
2026-02-27T10:16:47.572+08:00  INFO 29999 --- [SpringBoot_Learn] [main] w.s.c.ServletWebServerApplicationContext : Root WebApplicationContext: initialization completed in 349 ms
2026-02-27T10:16:47.611+08:00  INFO 29999 --- [SpringBoot_Learn] [main] com.zaxxer.hikari.HikariDataSource       : HikariPool-1 - Starting...
2026-02-27T10:16:47.723+08:00  INFO 29999 --- [SpringBoot_Learn] [main] com.zaxxer.hikari.pool.HikariPool        : HikariPool-1 - Added connection com.mysql.cj.jdbc.ConnectionImpl@279126f5
2026-02-27T10:16:47.724+08:00  INFO 29999 --- [SpringBoot_Learn] [main] com.zaxxer.hikari.HikariDataSource       : HikariPool-1 - Start completed.
2026-02-27T10:16:47.737+08:00  INFO 29999 --- [SpringBoot_Learn] [main] o.hibernate.jpa.internal.util.LogHelper  : HHH000204: Processing PersistenceUnitInfo [name: default]
2026-02-27T10:16:47.755+08:00  INFO 29999 --- [SpringBoot_Learn] [main] org.hibernate.Version                    : HHH000412: Hibernate ORM core version 6.6.42.Final
2026-02-27T10:16:47.765+08:00  INFO 29999 --- [SpringBoot_Learn] [main] o.h.c.internal.RegionFactoryInitiator    : HHH000026: Second-level cache disabled
2026-02-27T10:16:47.848+08:00  INFO 29999 --- [SpringBoot_Learn] [main] o.s.o.j.p.SpringPersistenceUnitInfo      : No LoadTimeWeaver setup: ignoring JPA class transformer
2026-02-27T10:16:47.882+08:00  INFO 29999 --- [SpringBoot_Learn] [main] org.hibernate.orm.connections.pooling    : HHH10001005: Database info:
	Database JDBC URL [Connecting through datasource 'HikariDataSource (HikariPool-1)']
	Database driver: undefined/unknown
	Database version: 8.0.45
	Autocommit mode: undefined/unknown
	Isolation level: undefined/unknown
	Minimum pool size: undefined/unknown
	Maximum pool size: undefined/unknown
2026-02-27T10:16:47.989+08:00  INFO 29999 --- [SpringBoot_Learn] [main] o.h.e.t.j.p.i.JtaPlatformInitiator       : HHH000489: No JTA platform available (set 'hibernate.transaction.jta.platform' to enable JTA platform integration)
2026-02-27T10:16:47.990+08:00  INFO 29999 --- [SpringBoot_Learn] [main] j.LocalContainerEntityManagerFactoryBean : Initialized JPA EntityManagerFactory for persistence unit 'default'
2026-02-27T10:16:48.033+08:00  WARN 29999 --- [SpringBoot_Learn] [main] c.b.m.core.metadata.TableInfoHelper      : This "id" is the table primary key by default name for `id` in Class: "com.ppy.entity.Student",So @TableField will not work!
2026-02-27T10:16:48.119+08:00  WARN 29999 --- [SpringBoot_Learn] [main] JpaBaseConfiguration$JpaWebConfiguration : spring.jpa.open-in-view is enabled by default. Therefore, database queries may be performed during view rendering. Explicitly configure spring.jpa.open-in-view to disable this warning
2026-02-27T10:16:48.188+08:00  INFO 29999 --- [SpringBoot_Learn] [main] m.e.s.MybatisPlusApplicationContextAware : Register ApplicationContext instances org.springframework.boot.web.servlet.context.AnnotationConfigServletWebServerApplicationContext@5778826f
2026-02-27T10:16:48.244+08:00  INFO 29999 --- [SpringBoot_Learn] [main] o.s.b.w.embedded.tomcat.TomcatWebServer  : Tomcat started on port 8080 (http) with context path '/'
2026-02-27T10:16:48.248+08:00  INFO 29999 --- [SpringBoot_Learn] [main] com.ppy.SpringBootLearnApplication       : Started SpringBootLearnApplication in 1.196 seconds (process running for 1.409)
2026-02-27T10:16:51.632+08:00  INFO 29999 --- [SpringBoot_Learn] [http-nio-8080-exec-1] o.a.c.c.C.[Tomcat].[localhost].[/]       : Initializing Spring DispatcherServlet 'dispatcherServlet'
2026-02-27T10:16:51.633+08:00  INFO 29999 --- [SpringBoot_Learn] [http-nio-8080-exec-1] o.s.web.servlet.DispatcherServlet        : Initializing Servlet 'dispatcherServlet'
2026-02-27T10:16:51.633+08:00  INFO 29999 --- [SpringBoot_Learn] [http-nio-8080-exec-1] o.s.web.servlet.DispatcherServlet        : Completed initialization in 0 ms
2026-02-27T10:16:51.665+08:00  WARN 29999 --- [SpringBoot_Learn] [http-nio-8080-exec-1] .w.s.m.s.DefaultHandlerExceptionResolver : Resolved [org.springframework.http.converter.HttpMessageNotReadableException: Required request body is missing: public void com.ppy.config.StudentController.addStudent(com.ppy.entity.Student)]
2026-02-27T10:17:07.176+08:00  INFO 29999 --- [SpringBoot_Learn] [SpringApplicationShutdownHook] o.s.b.w.e.tomcat.GracefulShutdown        : Commencing graceful shutdown. Waiting for active requests to complete
2026-02-27T10:17:07.178+08:00  INFO 29999 --- [SpringBoot_Learn] [tomcat-shutdown] o.s.b.w.e.tomcat.GracefulShutdown        : Graceful shutdown complete
2026-02-27T10:17:07.180+08:00  INFO 29999 --- [SpringBoot_Learn] [SpringApplicationShutdownHook] j.LocalContainerEntityManagerFactoryBean : Closing JPA EntityManagerFactory for persistence unit 'default'
2026-02-27T10:17:07.181+08:00  INFO 29999 --- [SpringBoot_Learn] [SpringApplicationShutdownHook] com.zaxxer.hikari.HikariDataSource       : HikariPool-1 - Shutdown initiated...
2026-02-27T10:17:07.182+08:00  INFO 29999 --- [SpringBoot_Learn] [SpringApplicationShutdownHook] com.zaxxer.hikari.HikariDataSource       : HikariPool-1 - Shutdown completed.
2026-02-27T10:17:29.976+08:00  INFO 30013 --- [SpringBoot_Learn] [main] com.ppy.SpringBootLearnApplication       : Starting SpringBootLearnApplication using Java 21.0.9 with PID 30013 (/Users/Zhuanz/dev/java_projects/SpringBoot_Learn/target/classes started by Zhuanz in /Users/Zhuanz/dev/java_projects/SpringBoot_Learn)
2026-02-27T10:17:29.976+08:00 DEBUG 30013 --- [SpringBoot_Learn] [main] com.ppy.SpringBootLearnApplication       : Running with Spring Boot v3.5.11, Spring v6.2.16
2026-02-27T10:17:29.976+08:00  INFO 30013 --- [SpringBoot_Learn] [main] com.ppy.SpringBootLearnApplication       : No active profile set, falling back to 1 default profile: "default"
2026-02-27T10:17:30.155+08:00  INFO 30013 --- [SpringBoot_Learn] [main] .s.d.r.c.RepositoryConfigurationDelegate : Bootstrapping Spring Data JPA repositories in DEFAULT mode.
2026-02-27T10:17:30.163+08:00  INFO 30013 --- [SpringBoot_Learn] [main] .s.d.r.c.RepositoryConfigurationDelegate : Finished Spring Data repository scanning in 5 ms. Found 0 JPA repository interfaces.
2026-02-27T10:17:30.285+08:00  INFO 30013 --- [SpringBoot_Learn] [main] o.s.b.w.embedded.tomcat.TomcatWebServer  : Tomcat initialized with port 8080 (http)
2026-02-27T10:17:30.290+08:00  INFO 30013 --- [SpringBoot_Learn] [main] o.apache.catalina.core.StandardService   : Starting service [Tomcat]
2026-02-27T10:17:30.290+08:00  INFO 30013 --- [SpringBoot_Learn] [main] o.apache.catalina.core.StandardEngine    : Starting Servlet engine: [Apache Tomcat/10.1.52]
2026-02-27T10:17:30.302+08:00  INFO 30013 --- [SpringBoot_Learn] [main] o.a.c.c.C.[Tomcat].[localhost].[/]       : Initializing Spring embedded WebApplicationContext
2026-02-27T10:17:30.302+08:00  INFO 30013 --- [SpringBoot_Learn] [main] w.s.c.ServletWebServerApplicationContext : Root WebApplicationContext: initialization completed in 310 ms
2026-02-27T10:17:30.340+08:00  INFO 30013 --- [SpringBoot_Learn] [main] com.zaxxer.hikari.HikariDataSource       : HikariPool-1 - Starting...
2026-02-27T10:17:30.445+08:00  INFO 30013 --- [SpringBoot_Learn] [main] com.zaxxer.hikari.pool.HikariPool        : HikariPool-1 - Added connection com.mysql.cj.jdbc.ConnectionImpl@129c4d19
2026-02-27T10:17:30.446+08:00  INFO 30013 --- [SpringBoot_Learn] [main] com.zaxxer.hikari.HikariDataSource       : HikariPool-1 - Start completed.
2026-02-27T10:17:30.457+08:00  INFO 30013 --- [SpringBoot_Learn] [main] o.hibernate.jpa.internal.util.LogHelper  : HHH000204: Processing PersistenceUnitInfo [name: default]
2026-02-27T10:17:30.469+08:00  INFO 30013 --- [SpringBoot_Learn] [main] org.hibernate.Version                    : HHH000412: Hibernate ORM core version 6.6.42.Final
2026-02-27T10:17:30.478+08:00  INFO 30013 --- [SpringBoot_Learn] [main] o.h.c.internal.RegionFactoryInitiator    : HHH000026: Second-level cache disabled
2026-02-27T10:17:30.548+08:00  INFO 30013 --- [SpringBoot_Learn] [main] o.s.o.j.p.SpringPersistenceUnitInfo      : No LoadTimeWeaver setup: ignoring JPA class transformer
2026-02-27T10:17:30.579+08:00  INFO 30013 --- [SpringBoot_Learn] [main] org.hibernate.orm.connections.pooling    : HHH10001005: Database info:
	Database JDBC URL [Connecting through datasource 'HikariDataSource (HikariPool-1)']
	Database driver: undefined/unknown
	Database version: 8.0.45
	Autocommit mode: undefined/unknown
	Isolation level: undefined/unknown
	Minimum pool size: undefined/unknown
	Maximum pool size: undefined/unknown
2026-02-27T10:17:30.666+08:00  INFO 30013 --- [SpringBoot_Learn] [main] o.h.e.t.j.p.i.JtaPlatformInitiator       : HHH000489: No JTA platform available (set 'hibernate.transaction.jta.platform' to enable JTA platform integration)
2026-02-27T10:17:30.668+08:00  INFO 30013 --- [SpringBoot_Learn] [main] j.LocalContainerEntityManagerFactoryBean : Initialized JPA EntityManagerFactory for persistence unit 'default'
2026-02-27T10:17:30.711+08:00  WARN 30013 --- [SpringBoot_Learn] [main] c.b.m.core.metadata.TableInfoHelper      : This "id" is the table primary key by default name for `id` in Class: "com.ppy.entity.Student",So @TableField will not work!
2026-02-27T10:17:30.802+08:00  WARN 30013 --- [SpringBoot_Learn] [main] JpaBaseConfiguration$JpaWebConfiguration : spring.jpa.open-in-view is enabled by default. Therefore, database queries may be performed during view rendering. Explicitly configure spring.jpa.open-in-view to disable this warning
2026-02-27T10:17:30.866+08:00  INFO 30013 --- [SpringBoot_Learn] [main] m.e.s.MybatisPlusApplicationContextAware : Register ApplicationContext instances org.springframework.boot.web.servlet.context.AnnotationConfigServletWebServerApplicationContext@5778826f
2026-02-27T10:17:30.916+08:00  INFO 30013 --- [SpringBoot_Learn] [main] o.s.b.w.embedded.tomcat.TomcatWebServer  : Tomcat started on port 8080 (http) with context path '/'
2026-02-27T10:17:30.923+08:00  INFO 30013 --- [SpringBoot_Learn] [main] com.ppy.SpringBootLearnApplication       : Started SpringBootLearnApplication in 1.087 seconds (process running for 1.284)
2026-02-27T10:17:33.441+08:00  INFO 30013 --- [SpringBoot_Learn] [http-nio-8080-exec-2] o.a.c.c.C.[Tomcat].[localhost].[/]       : Initializing Spring DispatcherServlet 'dispatcherServlet'
2026-02-27T10:17:33.441+08:00  INFO 30013 --- [SpringBoot_Learn] [http-nio-8080-exec-2] o.s.web.servlet.DispatcherServlet        : Initializing Servlet 'dispatcherServlet'
2026-02-27T10:17:33.442+08:00  INFO 30013 --- [SpringBoot_Learn] [http-nio-8080-exec-2] o.s.web.servlet.DispatcherServlet        : Completed initialization in 1 ms
2026-02-27T10:17:33.497+08:00 DEBUG 30013 --- [SpringBoot_Learn] [http-nio-8080-exec-2] com.ppy.mapper.StudentMapper.insert      : ==>  Preparing: INSERT INTO student ( id, student_no, name, age, class_name, grade, gender, hometown ) VALUES ( ?, ?, ?, ?, ?, ?, ?, ? )
2026-02-27T10:17:33.505+08:00 DEBUG 30013 --- [SpringBoot_Learn] [http-nio-8080-exec-2] com.ppy.mapper.StudentMapper.insert      : ==> Parameters: 5(Integer), 202500004(String), 李槐(String), 12(Integer), 高二(1)班(String), 高二(String), M(String), 河南郑州(String)
2026-02-27T10:17:33.509+08:00 DEBUG 30013 --- [SpringBoot_Learn] [http-nio-8080-exec-2] com.ppy.mapper.StudentMapper.insert      : <==    Updates: 1
2026-02-27T10:28:46.241+08:00  INFO 30013 --- [SpringBoot_Learn] [SpringApplicationShutdownHook] o.s.b.w.e.tomcat.GracefulShutdown        : Commencing graceful shutdown. Waiting for active requests to complete
2026-02-27T10:28:46.243+08:00  INFO 30013 --- [SpringBoot_Learn] [tomcat-shutdown] o.s.b.w.e.tomcat.GracefulShutdown        : Graceful shutdown complete
2026-02-27T10:28:46.245+08:00  INFO 30013 --- [SpringBoot_Learn] [SpringApplicationShutdownHook] j.LocalContainerEntityManagerFactoryBean : Closing JPA EntityManagerFactory for persistence unit 'default'
2026-02-27T10:28:46.246+08:00  INFO 30013 --- [SpringBoot_Learn] [SpringApplicationShutdownHook] com.zaxxer.hikari.HikariDataSource       : HikariPool-1 - Shutdown initiated...
2026-02-27T10:28:46.248+08:00  INFO 30013 --- [SpringBoot_Learn] [SpringApplicationShutdownHook] com.zaxxer.hikari.HikariDataSource       : HikariPool-1 - Shutdown completed.
